=================================================================
  CHUONG 4: BLACK-BOX FUZZING E2E 3-MODULE SYSTEM
=================================================================

=================================================================
  BLACK-BOX FUZZING TREN salary_calc.exe (200 runs)
=================================================================
--> Target Binary Executable: K:\TestProject\btl_softsec\ch2_memsafe\salary_calc.exe

--> KẾT QUẢ BLACK-BOX FUZZING TREN salary_calc.exe:
    - Tổng số lần thử (Attempts):   200
    - Số lần Crash (Buffer Overflow): 93
    - Số lần Logic Error (Bằng cấp):  53
    - Thời gian thực thi:            13.08 giây
    - Tốc độ fuzzing:                 15.3 execs/sec
--> MẪU TESTCASE GÂY CRASH PHÁT HIỆN:
    Sample #1: Attempt #1 | TenLen=155 | LopLen=49 | BangCap='' | Reason: ExitCode=3221226356
    Sample #2: Attempt #3 | TenLen=179 | LopLen=16 | BangCap='INVALID_DEGREE' | Reason: ExitCode=3221226356
    Sample #3: Attempt #5 | TenLen=122 | LopLen=45 | BangCap='PGS' | Reason: ExitCode=3221226356


=================================================================
  BLACK-BOX FUZZING TREN salary_calc_fixed.exe (200 runs)
=================================================================
--> Target Binary Executable: K:\TestProject\btl_softsec\ch2_memsafe\salary_calc_fixed.exe

--> KẾT QUẢ BLACK-BOX FUZZING TREN salary_calc_fixed.exe:
    - Tổng số lần thử (Attempts):   200
    - Số lần Crash (Buffer Overflow): 0
    - Số lần Logic Error (Bằng cấp):  124
    - Thời gian thực thi:            5.71 giây
    - Tốc độ fuzzing:                 35.0 execs/sec

