=================================================================
  CHUONG 3: KIEM CHUNG FORMAL E2E 3-MODULE VOI Z3 SMT SOLVER
=================================================================

[Check 1] E2E 32-bit Integer Overflow Test across Multi-Class Salary Aggregation:
  --> RESULT: SAT (32-bit Integer Overflow IS POSSIBLE when aggregating multi-class salary!)
  Counterexample values:
    - numClasses        = 20
    - soTiet            = 120
    - heSoHocPhan       = 1572863/524288
    - heSoQuyMoLop      = 524287/1048576
    - heSoBangCap       = 262143/131072
    - dinhMucTienChuan  = 127827 VND
  --> DE XUAT: Dung long long (int64) va double trong C de dam bao an toan tuyet doi.

[Check 2] E2E 64-bit Integer Overflow Verification (long long / int64):
  --> RESULT: UNSAT (64-bit long long is PROVEN SAFE within all enterprise bounds).
    Limit INT64_MAX = 9,223,372,036,854,775,807 VND
  --> KET LUAN: Code C sau khi fix sang 64-bit (long long/double) phat huy an toan tuyet doi.

[Check 3] E2E Unassigned/Deleted Lecturer Safety Constraint (Mod 1 -> Mod 2 -> Mod 3):
  --> RESULT: UNSAT (Safe code strictly enforces: NO/DELETED LECTURER -> SALARY = 0 VND,
      da kiem chung tren chinh cong thuc tinh luong that dung trong Module 3).

